
debugging method test_001_print ...

debugging method test_002_concat ...

debugging method test_003_arithmetic ...

debugging method test_004_var ...

debugging method test_005_boolean ...

debugging method test_006_dotcall ...

debugging method test_007_precedence ...

debugging method test_008_if ...

debugging method test_009_elseif ...

debugging method test_010_while ...

debugging method test_011_range ...

debugging method test_012_for ...

debugging method test_013_method ...

debugging method test_014_objectvar ...

debugging method test_015_objectdef ...

debugging method test_016_objectmeth ...

debugging method test_017_publicVarAssign ...

debugging method test_018_objectself ...

debugging method test_019_equality ...

debugging method test_020_inequality ...

debugging method test_021_request_num ...

debugging method test_022_request_list ...

debugging method test_023_request_two_lists ...

debugging method test_028_stringescape ...

debugging method test_029_multipartmethodnames ...

debugging method test_030_operatoroverload ...

debugging method test_031_assignmentmethod ...

debugging method test_032_interpolation ...

debugging method test_033_class ...

debugging method test_034_primechar ...

debugging method test_035_noparenmethoddec ...

debugging method test_037_prefixop ...

debugging method test_038_stringarg ...

debugging method test_039_stringmixfixarg ...

debugging method test_040_mixfixindent ...

debugging method test_041_boolnumarg ...

debugging method test_042_semicolons ...

debugging method test_043_multiparamblock ...

debugging method test_044_mixfixblocks ...

debugging method test_045_operatorcontinuation ...

debugging method test_046_printinterp ...

debugging method test_047_inherits ...

debugging method test_048_blockreturn ...

debugging method test_049_underscore ...
44 run, 0 failed, 0 errors
