
debugging method testUnicodeEscape ...

debugging method testName ...

debugging method testInCategoryNBS ...

debugging method testInCategorySpace ...

debugging method testCategorySpace ...

debugging method testCategory√¶ ...

debugging method testOrd ...

debugging method testLookupNNBS ...

debugging method testLookupDAGGER ...

debugging method testPatternBadSeparatorNNBS ...

debugging method testPatternBadSeparatorTab ...

debugging method testPatternBadSeparatorParaSep ...

debugging method testPatternBadSeparatorSpace ...

debugging method testPatternBadSeparatorNBS ...
14 run, 0 failed, 0 errors
