Error around line 2 of t150_moduleNameAfterImport: RuntimeError: could not find module foobar
  called from execution environment
   1: import "mgcollections" as mgc
   2: import "foobar" as fb
   3: print "Hello World"
