../js/tests/t192_collectionWithAndWithoutVarargs.out