option tests: 18 run, 0 failed, 0 errors
sequence tests: 44 run, 0 failed, 0 errors
