a1 = 1, a2 = 2, b1 = 3
method example has [1] parameters and [false] variable arity parameter lists
method example()and has [2, 1] parameters and [false, false] variable arity parameter lists
method noParams has [0] parameters and [false] variable arity parameter lists
method variableArity has [0] parameters and [true] variable arity parameter lists
method variable()and()and has [2, 1, 0] parameters and [true, false, true] variable arity parameter lists
method variableArity has [0] parameters and [true] variable arity parameter lists
a1 = 1, a2 = 2, b1 = ho
method variableArity requested with 4 arguments
method variableArity requested with 1 arguments
method variableArity requested with 0 arguments
method variable()and()and requested with [4, 1, 6] arguments
a1 = 1, a2 = 2, as = ⟨3,4⟩, b = "ho", c = ⟨1,2,3,4,5,6⟩
starting reflective request sequence
method variableArity requested with 4 arguments
method variableArity requested with 1 arguments
method variableArity requested with 0 arguments
method variable()and()and requested with [4, 1, 6] arguments
a1 = 1, a2 = 2, as = ⟨3,4⟩, b = "ho", c = ⟨1,2,3,4,5,6⟩
done
