Object = type Object
Object has 7 typeMethods.
        {==,â‰ ,basicAsString,!=,asString,::,asDebugString}
List has set{} methods not understood by [1,2,3]
