Hello, world!
Built-in: EnvironmentException = EnvironmentException
StdPrel: BasicPattern = class BasicPattern
Built-in module: unicode = the "unicode" module
Built-in module: mirrors = the "mirrors" module
Collections: (factory) list = an object
StdPrel: point2D = class point2D
StdPrel: 5@6 = (5@6)
StdPrel: Object = type Object
StdPrel: Type = type Type
