1 list: empty = ⟨⟩
1 list: oneTwo = ⟨1,2⟩
2 lists: oneToFour = ⟨1,2,3,4⟩
4 lists: oneTo12 = ⟨1,2,3,4,5,6,7,8,9,10,11,12⟩
