Number 6
Number 7
empty
Number 9
TypeError: expected initial value of def 'tx' to be of type OptionNumber
