old and new collection factories: 9 run, 0 failed, 0 errors
