GOT1 345
GOT3 123456789
got ProgrammingError: 2 params, 3 args
got ProgrammingError: 4 params, 3 args
done
